MSBuild version 17.3.4+a400405ba for .NET
  Determining projects to restore...
  All projects are up-to-date for restore.
  MandADiscoverySuite -> d:\Scripts\UserMandA\GUI\bin\Debug\net6.0-windows\MandADiscoverySuite.dll
d:\Scripts\UserMandA\Tests\Migration\Functional\PreMigrationCheckFunctionalTests.cs(402,22): error CS0104: 'UserDto' is an ambiguous reference between 'MandADiscoverySuite.Models.Migration.UserDto' and 'MandADiscoverySuite.Models.UserDto' [d:\Scripts\UserMandA\Tests\MandADiscoverySuite.Tests.csproj]
d:\Scripts\UserMandA\Tests\Migration\Functional\PreMigrationCheckFunctionalTests.cs(422,22): error CS0104: 'MailboxDto' is an ambiguous reference between 'MandADiscoverySuite.Models.Migration.MailboxDto' and 'MandADiscoverySuite.Models.MailboxDto' [d:\Scripts\UserMandA\Tests\MandADiscoverySuite.Tests.csproj]
d:\Scripts\UserMandA\Tests\Migration\Functional\PreMigrationCheckFunctionalTests.cs(441,22): error CS0104: 'FileShareDto' is an ambiguous reference between 'MandADiscoverySuite.Models.Migration.FileShareDto' and 'MandADiscoverySuite.Models.FileShareDto' [d:\Scripts\UserMandA\Tests\MandADiscoverySuite.Tests.csproj]
d:\Scripts\UserMandA\Tests\Migration\Functional\PreMigrationCheckFunctionalTests.cs(479,17): error CS0104: 'UserDto' is an ambiguous reference between 'MandADiscoverySuite.Models.Migration.UserDto' and 'MandADiscoverySuite.Models.UserDto' [d:\Scripts\UserMandA\Tests\MandADiscoverySuite.Tests.csproj]
d:\Scripts\UserMandA\Tests\Migration\Functional\PreMigrationCheckFunctionalTests.cs(489,17): error CS0104: 'MailboxDto' is an ambiguous reference between 'MandADiscoverySuite.Models.Migration.MailboxDto' and 'MandADiscoverySuite.Models.MailboxDto' [d:\Scripts\UserMandA\Tests\MandADiscoverySuite.Tests.csproj]
d:\Scripts\UserMandA\Tests\Migration\Functional\PreMigrationCheckFunctionalTests.cs(497,17): error CS0104: 'FileShareDto' is an ambiguous reference between 'MandADiscoverySuite.Models.Migration.FileShareDto' and 'MandADiscoverySuite.Models.FileShareDto' [d:\Scripts\UserMandA\Tests\MandADiscoverySuite.Tests.csproj]
d:\Scripts\UserMandA\Tests\Migration\Functional\PreMigrationCheckFunctionalTests.cs(512,41): error CS0104: 'UserDto' is an ambiguous reference between 'MandADiscoverySuite.Models.Migration.UserDto' and 'MandADiscoverySuite.Models.UserDto' [d:\Scripts\UserMandA\Tests\MandADiscoverySuite.Tests.csproj]
d:\Scripts\UserMandA\Tests\Migration\Functional\PreMigrationCheckFunctionalTests.cs(512,62): error CS0104: 'MailboxDto' is an ambiguous reference between 'MandADiscoverySuite.Models.Migration.MailboxDto' and 'MandADiscoverySuite.Models.MailboxDto' [d:\Scripts\UserMandA\Tests\MandADiscoverySuite.Tests.csproj]
d:\Scripts\UserMandA\Tests\Migration\Functional\PreMigrationCheckFunctionalTests.cs(513,40): error CS0104: 'FileShareDto' is an ambiguous reference between 'MandADiscoverySuite.Models.Migration.FileShareDto' and 'MandADiscoverySuite.Models.FileShareDto' [d:\Scripts\UserMandA\Tests\MandADiscoverySuite.Tests.csproj]
d:\Scripts\UserMandA\Tests\Services\CsvDataServiceTests.cs(18,39): warning CS0618: 'CsvDataService' is obsolete: 'Use CsvDataServiceNew instead' [d:\Scripts\UserMandA\Tests\MandADiscoverySuite.Tests.csproj]
d:\Scripts\UserMandA\Tests\Services\CsvDataServiceTests.cs(20,26): warning CS0618: 'CsvDataService' is obsolete: 'Use CsvDataServiceNew instead' [d:\Scripts\UserMandA\Tests\MandADiscoverySuite.Tests.csproj]
d:\Scripts\UserMandA\Tests\Migration\Notifications\GraphNotificationServiceTests.cs(29,22): error CS0246: The type or namespace name 'IUsersCollectionRequestBuilder' could not be found (are you missing a using directive or an assembly reference?) [d:\Scripts\UserMandA\Tests\MandADiscoverySuite.Tests.csproj]
d:\Scripts\UserMandA\Tests\Migration\Notifications\GraphNotificationServiceTests.cs(30,22): error CS0246: The type or namespace name 'IUserRequestBuilder' could not be found (are you missing a using directive or an assembly reference?) [d:\Scripts\UserMandA\Tests\MandADiscoverySuite.Tests.csproj]
d:\Scripts\UserMandA\Tests\Migration\Notifications\GraphNotificationServiceTests.cs(31,22): error CS0246: The type or namespace name 'IUserRequest' could not be found (are you missing a using directive or an assembly reference?) [d:\Scripts\UserMandA\Tests\MandADiscoverySuite.Tests.csproj]
d:\Scripts\UserMandA\Tests\Migration\Notifications\GraphNotificationServiceTests.cs(32,22): error CS0246: The type or namespace name 'IUsersCollectionRequest' could not be found (are you missing a using directive or an assembly reference?) [d:\Scripts\UserMandA\Tests\MandADiscoverySuite.Tests.csproj]
d:\Scripts\UserMandA\Tests\Migration\Notifications\GraphNotificationServiceTests.cs(33,22): error CS0246: The type or namespace name 'IMeRequestBuilder' could not be found (are you missing a using directive or an assembly reference?) [d:\Scripts\UserMandA\Tests\MandADiscoverySuite.Tests.csproj]
d:\Scripts\UserMandA\Tests\Migration\Notifications\GraphNotificationServiceTests.cs(34,22): error CS0246: The type or namespace name 'IUserRequest' could not be found (are you missing a using directive or an assembly reference?) [d:\Scripts\UserMandA\Tests\MandADiscoverySuite.Tests.csproj]
d:\Scripts\UserMandA\Tests\Migration\ValidationProviders\UserValidationProviderTests.cs(426,41): error CS0246: The type or namespace name 'User' could not be found (are you missing a using directive or an assembly reference?) [d:\Scripts\UserMandA\Tests\MandADiscoverySuite.Tests.csproj]
d:\Scripts\UserMandA\Tests\Migration\ValidationProviders\UserValidationProviderTests.cs(433,48): error CS0246: The type or namespace name 'User' could not be found (are you missing a using directive or an assembly reference?) [d:\Scripts\UserMandA\Tests\MandADiscoverySuite.Tests.csproj]
d:\Scripts\UserMandA\Tests\Migration\ValidationProviders\UserValidationProviderTests.cs(440,46): error CS0246: The type or namespace name 'User' could not be found (are you missing a using directive or an assembly reference?) [d:\Scripts\UserMandA\Tests\MandADiscoverySuite.Tests.csproj]
d:\Scripts\UserMandA\Tests\Migration\ValidationProviders\UserValidationProviderTests.cs(447,47): error CS0246: The type or namespace name 'User' could not be found (are you missing a using directive or an assembly reference?) [d:\Scripts\UserMandA\Tests\MandADiscoverySuite.Tests.csproj]
d:\Scripts\UserMandA\Tests\Migration\ValidationProviders\UserValidationProviderTests.cs(454,50): error CS0246: The type or namespace name 'DirectoryObject' could not be found (are you missing a using directive or an assembly reference?) [d:\Scripts\UserMandA\Tests\MandADiscoverySuite.Tests.csproj]
d:\Scripts\UserMandA\Tests\Migration\ValidationProviders\UserValidationProviderTests.cs(464,46): error CS0246: The type or namespace name 'User' could not be found (are you missing a using directive or an assembly reference?) [d:\Scripts\UserMandA\Tests\MandADiscoverySuite.Tests.csproj]
d:\Scripts\UserMandA\Tests\Migration\ValidationProviders\UserValidationProviderTests.cs(473,17): error CS0246: The type or namespace name 'User' could not be found (are you missing a using directive or an assembly reference?) [d:\Scripts\UserMandA\Tests\MandADiscoverySuite.Tests.csproj]
d:\Scripts\UserMandA\Tests\Migration\ValidationProviders\UserValidationProviderTests.cs(488,17): error CS0246: The type or namespace name 'DirectoryObject' could not be found (are you missing a using directive or an assembly reference?) [d:\Scripts\UserMandA\Tests\MandADiscoverySuite.Tests.csproj]
d:\Scripts\UserMandA\Tests\Migration\ValidationProviders\UserValidationProviderTests.cs(20,22): error CS0246: The type or namespace name 'IUsersCollectionRequestBuilder' could not be found (are you missing a using directive or an assembly reference?) [d:\Scripts\UserMandA\Tests\MandADiscoverySuite.Tests.csproj]
d:\Scripts\UserMandA\Tests\Migration\ValidationProviders\UserValidationProviderTests.cs(21,22): error CS0246: The type or namespace name 'IUserRequestBuilder' could not be found (are you missing a using directive or an assembly reference?) [d:\Scripts\UserMandA\Tests\MandADiscoverySuite.Tests.csproj]
d:\Scripts\UserMandA\Tests\Migration\ValidationProviders\UserValidationProviderTests.cs(22,22): error CS0246: The type or namespace name 'IUserRequest' could not be found (are you missing a using directive or an assembly reference?) [d:\Scripts\UserMandA\Tests\MandADiscoverySuite.Tests.csproj]
d:\Scripts\UserMandA\Tests\Migration\ValidationProviders\UserValidationProviderTests.cs(23,22): error CS0246: The type or namespace name 'IUserRequest' could not be found (are you missing a using directive or an assembly reference?) [d:\Scripts\UserMandA\Tests\MandADiscoverySuite.Tests.csproj]
