<?xml version="1.0" encoding="utf-8"?>
<TestRun id="e3f757f9-3707-45fd-94af-e05df100c775" name="lukia@URAN 2025-09-26 11:40:55" runUser="URAN\lukia" xmlns="http://microsoft.com/schemas/VisualStudio/TeamTest/2010">
  <Times creation="2025-09-26T11:40:56.0070134+01:00" queuing="2025-09-26T11:40:56.0070139+01:00" start="2025-09-26T11:40:55.5940608+01:00" finish="2025-09-26T11:40:56.0074443+01:00" />
  <TestSettings name="default" id="b1e71b06-c95f-47cd-81c7-3ab703713657">
    <Deployment runDeploymentRoot="lukia_URAN_2025-09-26_11_40_55" />
  </TestSettings>
  <TestLists>
    <TestList name="Results Not in a List" id="8c84fa94-04c1-424b-9868-57a2d4851a1d" />
    <TestList name="All Loaded Results" id="19431567-8539-422a-85d7-44ee4e166bda" />
  </TestLists>
  <ResultSummary outcome="Completed">
    <Counters total="0" executed="0" passed="0" failed="0" error="0" timeout="0" aborted="0" inconclusive="0" passedButRunAborted="0" notRunnable="0" notExecuted="0" disconnected="0" warning="0" completed="0" inProgress="0" pending="0" />
    <RunInfos>
      <RunInfo computerName="URAN" outcome="Warning" timestamp="2025-09-26T11:40:55.9644749+01:00">
        <Text>No test matches the given testcase filter `TestClass=DataExportServiceTests` in D:\Scripts\UserMandA\UserMandA\GUI.Tests\bin\Debug\net8.0-windows\GUI.Tests.dll</Text>
      </RunInfo>
    </RunInfos>
  </ResultSummary>
</TestRun>